// Jest Snapshot v1, https://goo.gl/fbAQLP

exports[`should render NotFoundPage correctly 1`] = `
<div
  className="container"
>
  <h3>
    404 - 
    <Link
      replace={false}
      to="/"
    >
      Go home
    </Link>
  </h3>
</div>
`;
